---
source: src/patterns.rs
expression: snap
snapshot_kind: text
---
("________", [Len(8)])
