---
source: src/patterns.rs
expression: snap
snapshot_kind: text
---
("_", [Len(1)])
