---
source: src/patterns.rs
expression: snap
snapshot_kind: text
---
("lo%rld", [Literal("lo"), EndsWith("rld")])
