---
source: src/patterns.rs
expression: snap
snapshot_kind: text
---
("%hello%to%the%__world%", [SkipToLiteral("hello"), SkipToLiteral("to"), SkipToLiteral("the"), Exactly(2), Contains("world")])
