---
source: src/patterns.rs
expression: snap
snapshot_kind: text
---
("%hello%to%the%world%", [SkipToLiteral("hello"), SkipToLiteral("to"), SkipToLiteral("the"), Contains("world")])
