---
source: src/patterns.rs
expression: snap
snapshot_kind: text
---
("%abc", [EndsWith("abc")])
