---
source: src/patterns.rs
expression: snap
snapshot_kind: text
---
("", [End])
