---
source: src/patterns.rs
expression: snap
snapshot_kind: text
---
("x__y", [Literal("x"), Exactly(2), Equals("y")])
